// Vitest Snapshot v1, https://vitest.dev/guide/snapshot.html

exports[`cross-region-ssm-parameter 1`] = `
{
  "Resources": {
    "AWS679f53fac002430cb0da5b7982bd22872D164C4C": {
      "DependsOn": [
        "AWS679f53fac002430cb0da5b7982bd2287ServiceRoleC1EA0FF2",
      ],
      "Properties": {
        "Code": Any<Object>,
        "Handler": "index.handler",
        "Role": {
          "Fn::GetAtt": [
            "AWS679f53fac002430cb0da5b7982bd2287ServiceRoleC1EA0FF2",
            "Arn",
          ],
        },
        "Runtime": "nodejs22.x",
        "Timeout": 120,
      },
      "Type": "AWS::Lambda::Function",
    },
    "AWS679f53fac002430cb0da5b7982bd2287ServiceRoleC1EA0FF2": {
      "Properties": {
        "AssumeRolePolicyDocument": {
          "Statement": [
            {
              "Action": "sts:AssumeRole",
              "Effect": "Allow",
              "Principal": {
                "Service": "lambda.amazonaws.com",
              },
            },
          ],
          "Version": "2012-10-17",
        },
        "ManagedPolicyArns": [
          {
            "Fn::Join": [
              "",
              [
                "arn:",
                {
                  "Ref": "AWS::Partition",
                },
                ":iam::aws:policy/service-role/AWSLambdaBasicExecutionRole",
              ],
            ],
          },
        ],
      },
      "Type": "AWS::IAM::Role",
    },
    "ParamResoure2E03152F": {
      "DeletionPolicy": "Delete",
      "DependsOn": [
        "ParamResoureCustomResourcePolicy94B01452",
      ],
      "Properties": {
        "Create": "{"service":"SSM","action":"putParameter","parameters":{"Name":"/param/name","Value":"some value","Type":"String","Overwrite":true},"region":"eu-west-1","physicalResourceId":{"id":"/param/name"}}",
        "Delete": "{"service":"SSM","action":"deleteParameter","parameters":{"Name":"/param/name"},"region":"eu-west-1","physicalResourceId":{"id":"/param/name"}}",
        "InstallLatestAwsSdk": false,
        "ServiceToken": {
          "Fn::GetAtt": [
            "AWS679f53fac002430cb0da5b7982bd22872D164C4C",
            "Arn",
          ],
        },
        "Update": "{"service":"SSM","action":"putParameter","parameters":{"Name":"/param/name","Value":"some value","Type":"String","Overwrite":true},"region":"eu-west-1","physicalResourceId":{"id":"/param/name"}}",
      },
      "Type": "Custom::AWS",
      "UpdateReplacePolicy": "Delete",
    },
    "ParamResoureCustomResourcePolicy94B01452": {
      "Properties": {
        "PolicyDocument": {
          "Statement": [
            {
              "Action": "ssm:PutParameter",
              "Effect": "Allow",
              "Resource": "*",
            },
            {
              "Action": "ssm:DeleteParameter",
              "Effect": "Allow",
              "Resource": "*",
            },
          ],
          "Version": "2012-10-17",
        },
        "PolicyName": "ParamResoureCustomResourcePolicy94B01452",
        "Roles": [
          {
            "Ref": "AWS679f53fac002430cb0da5b7982bd2287ServiceRoleC1EA0FF2",
          },
        ],
      },
      "Type": "AWS::IAM::Policy",
    },
  },
}
`;
