// Jest Snapshot v1, https://goo.gl/fbAQLP

exports[`cross-region-ssm-parameter 1`] = `
Object {
  "Parameters": Any<Object>,
  "Resources": Object {
    "AWS679f53fac002430cb0da5b7982bd22872D164C4C": Object {
      "DependsOn": Array [
        "AWS679f53fac002430cb0da5b7982bd2287ServiceRoleC1EA0FF2",
      ],
      "Properties": Object {
        "Code": Any<Object>,
        "Handler": "index.handler",
        "Role": Object {
          "Fn::GetAtt": Array [
            "AWS679f53fac002430cb0da5b7982bd2287ServiceRoleC1EA0FF2",
            "Arn",
          ],
        },
        "Runtime": "nodejs12.x",
        "Timeout": 120,
      },
      "Type": "AWS::Lambda::Function",
    },
    "AWS679f53fac002430cb0da5b7982bd2287ServiceRoleC1EA0FF2": Object {
      "Properties": Object {
        "AssumeRolePolicyDocument": Object {
          "Statement": Array [
            Object {
              "Action": "sts:AssumeRole",
              "Effect": "Allow",
              "Principal": Object {
                "Service": "lambda.amazonaws.com",
              },
            },
          ],
          "Version": "2012-10-17",
        },
        "ManagedPolicyArns": Array [
          Object {
            "Fn::Join": Array [
              "",
              Array [
                "arn:",
                Object {
                  "Ref": "AWS::Partition",
                },
                ":iam::aws:policy/service-role/AWSLambdaBasicExecutionRole",
              ],
            ],
          },
        ],
      },
      "Type": "AWS::IAM::Role",
    },
    "ParamResoure2E03152F": Object {
      "DeletionPolicy": "Delete",
      "DependsOn": Array [
        "ParamResoureCustomResourcePolicy94B01452",
      ],
      "Properties": Object {
        "Create": "{\\"service\\":\\"SSM\\",\\"action\\":\\"putParameter\\",\\"parameters\\":{\\"Name\\":\\"/param/name\\",\\"Value\\":\\"some value\\",\\"Type\\":\\"String\\",\\"Overwrite\\":true},\\"region\\":\\"eu-west-1\\",\\"physicalResourceId\\":{\\"id\\":\\"/param/name\\"}}",
        "Delete": "{\\"service\\":\\"SSM\\",\\"action\\":\\"deleteParameter\\",\\"parameters\\":{\\"Name\\":\\"/param/name\\"},\\"region\\":\\"eu-west-1\\",\\"physicalResourceId\\":{\\"id\\":\\"/param/name\\"}}",
        "InstallLatestAwsSdk": true,
        "ServiceToken": Object {
          "Fn::GetAtt": Array [
            "AWS679f53fac002430cb0da5b7982bd22872D164C4C",
            "Arn",
          ],
        },
        "Update": "{\\"service\\":\\"SSM\\",\\"action\\":\\"putParameter\\",\\"parameters\\":{\\"Name\\":\\"/param/name\\",\\"Value\\":\\"some value\\",\\"Type\\":\\"String\\",\\"Overwrite\\":true},\\"region\\":\\"eu-west-1\\",\\"physicalResourceId\\":{\\"id\\":\\"/param/name\\"}}",
      },
      "Type": "Custom::AWS",
      "UpdateReplacePolicy": "Delete",
    },
    "ParamResoureCustomResourcePolicy94B01452": Object {
      "Properties": Object {
        "PolicyDocument": Object {
          "Statement": Array [
            Object {
              "Action": "ssm:PutParameter",
              "Effect": "Allow",
              "Resource": "*",
            },
            Object {
              "Action": "ssm:DeleteParameter",
              "Effect": "Allow",
              "Resource": "*",
            },
          ],
          "Version": "2012-10-17",
        },
        "PolicyName": "ParamResoureCustomResourcePolicy94B01452",
        "Roles": Array [
          Object {
            "Ref": "AWS679f53fac002430cb0da5b7982bd2287ServiceRoleC1EA0FF2",
          },
        ],
      },
      "Type": "AWS::IAM::Policy",
    },
  },
}
`;
