// Vitest Snapshot v1, https://vitest.dev/guide/snapshot.html

exports[`ssm-parameter-reader 1`] = `
{
  "Mappings": {
    "LatestNodeRuntimeMap": {
      "af-south-1": {
        "value": "nodejs22.x",
      },
      "ap-east-1": {
        "value": "nodejs22.x",
      },
      "ap-east-2": {
        "value": "nodejs22.x",
      },
      "ap-northeast-1": {
        "value": "nodejs22.x",
      },
      "ap-northeast-2": {
        "value": "nodejs22.x",
      },
      "ap-northeast-3": {
        "value": "nodejs22.x",
      },
      "ap-south-1": {
        "value": "nodejs22.x",
      },
      "ap-south-2": {
        "value": "nodejs22.x",
      },
      "ap-southeast-1": {
        "value": "nodejs22.x",
      },
      "ap-southeast-2": {
        "value": "nodejs22.x",
      },
      "ap-southeast-3": {
        "value": "nodejs22.x",
      },
      "ap-southeast-4": {
        "value": "nodejs22.x",
      },
      "ap-southeast-5": {
        "value": "nodejs22.x",
      },
      "ap-southeast-6": {
        "value": "nodejs22.x",
      },
      "ap-southeast-7": {
        "value": "nodejs22.x",
      },
      "ca-central-1": {
        "value": "nodejs22.x",
      },
      "ca-west-1": {
        "value": "nodejs22.x",
      },
      "cn-north-1": {
        "value": "nodejs22.x",
      },
      "cn-northwest-1": {
        "value": "nodejs22.x",
      },
      "eu-central-1": {
        "value": "nodejs22.x",
      },
      "eu-central-2": {
        "value": "nodejs22.x",
      },
      "eu-isoe-west-1": {
        "value": "nodejs22.x",
      },
      "eu-north-1": {
        "value": "nodejs22.x",
      },
      "eu-south-1": {
        "value": "nodejs22.x",
      },
      "eu-south-2": {
        "value": "nodejs22.x",
      },
      "eu-west-1": {
        "value": "nodejs22.x",
      },
      "eu-west-2": {
        "value": "nodejs22.x",
      },
      "eu-west-3": {
        "value": "nodejs22.x",
      },
      "eusc-de-east-1": {
        "value": "nodejs22.x",
      },
      "il-central-1": {
        "value": "nodejs22.x",
      },
      "me-central-1": {
        "value": "nodejs22.x",
      },
      "me-south-1": {
        "value": "nodejs22.x",
      },
      "mx-central-1": {
        "value": "nodejs22.x",
      },
      "sa-east-1": {
        "value": "nodejs22.x",
      },
      "us-east-1": {
        "value": "nodejs22.x",
      },
      "us-east-2": {
        "value": "nodejs22.x",
      },
      "us-gov-east-1": {
        "value": "nodejs22.x",
      },
      "us-gov-west-1": {
        "value": "nodejs22.x",
      },
      "us-iso-east-1": {
        "value": "nodejs22.x",
      },
      "us-iso-west-1": {
        "value": "nodejs22.x",
      },
      "us-isob-east-1": {
        "value": "nodejs18.x",
      },
      "us-isob-west-1": {
        "value": "nodejs18.x",
      },
      "us-isof-east-1": {
        "value": "nodejs22.x",
      },
      "us-isof-south-1": {
        "value": "nodejs22.x",
      },
      "us-west-1": {
        "value": "nodejs22.x",
      },
      "us-west-2": {
        "value": "nodejs22.x",
      },
    },
  },
  "Resources": {
    "AWS679f53fac002430cb0da5b7982bd22872D164C4C": {
      "DependsOn": [
        "AWS679f53fac002430cb0da5b7982bd2287ServiceRoleC1EA0FF2",
      ],
      "Properties": {
        "Code": Any<Object>,
        "Handler": "index.handler",
        "Role": {
          "Fn::GetAtt": [
            "AWS679f53fac002430cb0da5b7982bd2287ServiceRoleC1EA0FF2",
            "Arn",
          ],
        },
        "Runtime": {
          "Fn::FindInMap": [
            "LatestNodeRuntimeMap",
            {
              "Ref": "AWS::Region",
            },
            "value",
          ],
        },
        "Timeout": 120,
      },
      "Type": "AWS::Lambda::Function",
    },
    "AWS679f53fac002430cb0da5b7982bd2287ServiceRoleC1EA0FF2": {
      "Properties": {
        "AssumeRolePolicyDocument": {
          "Statement": [
            {
              "Action": "sts:AssumeRole",
              "Effect": "Allow",
              "Principal": {
                "Service": "lambda.amazonaws.com",
              },
            },
          ],
          "Version": "2012-10-17",
        },
        "ManagedPolicyArns": [
          {
            "Fn::Join": [
              "",
              [
                "arn:",
                {
                  "Ref": "AWS::Partition",
                },
                ":iam::aws:policy/service-role/AWSLambdaBasicExecutionRole",
              ],
            ],
          },
        ],
      },
      "Type": "AWS::IAM::Role",
    },
    "ParamReaderCustomResourcePolicy6D6224AD": {
      "Properties": {
        "PolicyDocument": {
          "Statement": [
            {
              "Action": "ssm:GetParameter",
              "Effect": "Allow",
              "Resource": {
                "Fn::Join": [
                  "",
                  [
                    "arn:",
                    {
                      "Ref": "AWS::Partition",
                    },
                    ":ssm:eu-west-1:",
                    {
                      "Ref": "AWS::AccountId",
                    },
                    ":parameter/my/param",
                  ],
                ],
              },
            },
          ],
          "Version": "2012-10-17",
        },
        "PolicyName": "ParamReaderCustomResourcePolicy6D6224AD",
        "Roles": [
          {
            "Ref": "AWS679f53fac002430cb0da5b7982bd2287ServiceRoleC1EA0FF2",
          },
        ],
      },
      "Type": "AWS::IAM::Policy",
    },
    "ParamReaderDE9769DB": {
      "DeletionPolicy": "Delete",
      "DependsOn": [
        "ParamReaderCustomResourcePolicy6D6224AD",
      ],
      "Metadata": {
        "Nonce": "123",
      },
      "Properties": {
        "Create": "{"service":"SSM","action":"getParameter","parameters":{"Name":"/my/param"},"region":"eu-west-1","physicalResourceId":{"id":"/my/param"}}",
        "InstallLatestAwsSdk": false,
        "ServiceToken": {
          "Fn::GetAtt": [
            "AWS679f53fac002430cb0da5b7982bd22872D164C4C",
            "Arn",
          ],
        },
        "Update": "{"service":"SSM","action":"getParameter","parameters":{"Name":"/my/param"},"region":"eu-west-1","physicalResourceId":{"id":"/my/param"}}",
      },
      "Type": "Custom::AWS",
      "UpdateReplacePolicy": "Delete",
    },
  },
}
`;
